[INFO] Scanning for projects...
[INFO] ------------------------------------------------------------------------
[INFO] Reactor Build Order:
[INFO] 
[INFO] iped-parent                                                        [pom]
[INFO] iped-api                                                           [jar]
[INFO] iped-utils                                                         [jar]
[INFO] iped-parsers                                                       [pom]
[INFO] java-dbf                                                           [jar]
[INFO] iped-parsers-impl                                                  [jar]
[INFO] iped-viewers                                                       [pom]
[INFO] iped-viewers-api                                                   [jar]
[INFO] iped-viewers-impl                                                  [jar]
[INFO] iped-carvers                                                       [pom]
[INFO] iped-ahocorasick                                                   [jar]
[INFO] iped-carvers-api                                                   [jar]
[INFO] iped-carvers-impl                                                  [jar]
[INFO] iped-engine                                                        [jar]
[INFO] 
[INFO] --------------------------< iped:iped-parent >--------------------------
[INFO] Building iped-parent 4.4.0-SNAPSHOT                               [1/14]
[INFO]   from pom.xml
[INFO] --------------------------------[ pom ]---------------------------------
[INFO] 
[INFO] ---------------------------< iped:iped-api >----------------------------
[INFO] Building iped-api 4.4.0-SNAPSHOT                                  [2/14]
[INFO]   from iped-api/pom.xml
[INFO] --------------------------------[ jar ]---------------------------------
[INFO] 
[INFO] --- resources:3.3.1:resources (default-resources) @ iped-api ---
[INFO] skip non existing resourceDirectory /private/tmp/iped-hash-pr/iped-api/src/main/resources
[INFO] 
[INFO] --- compiler:3.10.1:compile (default-compile) @ iped-api ---
[INFO] Nothing to compile - all classes are up to date
[INFO] 
[INFO] --- resources:3.3.1:testResources (default-testResources) @ iped-api ---
[INFO] skip non existing resourceDirectory /private/tmp/iped-hash-pr/iped-api/src/test/resources
[INFO] 
[INFO] --- compiler:3.10.1:testCompile (default-testCompile) @ iped-api ---
[INFO] No sources to compile
[INFO] 
[INFO] --- surefire:3.2.5:test (default-test) @ iped-api ---
[INFO] No tests to run.
[INFO] 
[INFO] --------------------------< iped:iped-utils >---------------------------
[INFO] Building iped-utils 4.4.0-SNAPSHOT                                [3/14]
[INFO]   from iped-utils/pom.xml
[INFO] --------------------------------[ jar ]---------------------------------
[INFO] 
[INFO] --- resources:3.3.1:resources (default-resources) @ iped-utils ---
[INFO] Copying 3432 resources from src/main/resources to target/classes
[INFO] 
[INFO] --- compiler:3.10.1:compile (default-compile) @ iped-utils ---
[INFO] Nothing to compile - all classes are up to date
[INFO] 
[INFO] --- resources:3.3.1:testResources (default-testResources) @ iped-utils ---
[INFO] skip non existing resourceDirectory /private/tmp/iped-hash-pr/iped-utils/src/test/resources
[INFO] 
[INFO] --- compiler:3.10.1:testCompile (default-testCompile) @ iped-utils ---
[INFO] No sources to compile
[INFO] 
[INFO] --- surefire:3.2.5:test (default-test) @ iped-utils ---
[INFO] No tests to run.
[INFO] 
[INFO] -------------------------< iped:iped-parsers >--------------------------
[INFO] Building iped-parsers 4.4.0-SNAPSHOT                              [4/14]
[INFO]   from iped-parsers/pom.xml
[INFO] --------------------------------[ pom ]---------------------------------
[INFO] 
[INFO] ---------------------------< iped:java-dbf >----------------------------
[INFO] Building java-dbf 1.0-patched                                     [5/14]
[INFO]   from iped-parsers/java-dbf/pom.xml
[INFO] --------------------------------[ jar ]---------------------------------
[INFO] 
[INFO] --- resources:3.3.1:resources (default-resources) @ java-dbf ---
[INFO] skip non existing resourceDirectory /private/tmp/iped-hash-pr/iped-parsers/java-dbf/src/main/resources
[INFO] 
[INFO] --- compiler:3.10.1:compile (default-compile) @ java-dbf ---
[INFO] Nothing to compile - all classes are up to date
[INFO] 
[INFO] --- resources:3.3.1:testResources (default-testResources) @ java-dbf ---
[INFO] skip non existing resourceDirectory /private/tmp/iped-hash-pr/iped-parsers/java-dbf/src/test/resources
[INFO] 
[INFO] --- compiler:3.10.1:testCompile (default-testCompile) @ java-dbf ---
[INFO] No sources to compile
[INFO] 
[INFO] --- surefire:3.2.5:test (default-test) @ java-dbf ---
[INFO] No tests to run.
[INFO] 
[INFO] -----------------------< iped:iped-parsers-impl >-----------------------
[INFO] Building iped-parsers-impl 4.4.0-SNAPSHOT                         [6/14]
[INFO]   from iped-parsers/iped-parsers-impl/pom.xml
[INFO] --------------------------------[ jar ]---------------------------------
[WARNING] 1 problem was encountered while building the effective model for org.javassist:javassist:jar:3.19.0-GA during dependency collection step for project (use -X to see details)
[INFO] 
[INFO] --- jacoco:0.8.8:prepare-agent (default) @ iped-parsers-impl ---
[INFO] argLine set to -javaagent:/private/tmp/iped-contribution-tools/m2/org/jacoco/org.jacoco.agent/0.8.8/org.jacoco.agent-0.8.8-runtime.jar=destfile=/private/tmp/iped-hash-pr/iped-parsers/iped-parsers-impl/target/jacoco.exec
[INFO] 
[INFO] --- resources:3.3.1:resources (default-resources) @ iped-parsers-impl ---
[INFO] Copying 65 resources from src/main/resources to target/classes
[INFO] 
[INFO] --- compiler:3.10.1:compile (default-compile) @ iped-parsers-impl ---
[INFO] Nothing to compile - all classes are up to date
[INFO] 
[INFO] --- resources:3.3.1:testResources (default-testResources) @ iped-parsers-impl ---
[INFO] Copying 122 resources from src/test/resources to target/test-classes
[INFO] 
[INFO] --- compiler:3.10.1:testCompile (default-testCompile) @ iped-parsers-impl ---
[INFO] Nothing to compile - all classes are up to date
[INFO] 
[INFO] --- surefire:3.2.5:test (default-test) @ iped-parsers-impl ---
[INFO] 
[INFO] --- jacoco:0.8.8:report (generate-code-coverage-report) @ iped-parsers-impl ---
[INFO] Skipping JaCoCo execution due to missing execution data file.
[INFO] 
[INFO] -------------------------< iped:iped-viewers >--------------------------
[INFO] Building iped-viewers 4.4.0-SNAPSHOT                              [7/14]
[INFO]   from iped-viewers/pom.xml
[INFO] --------------------------------[ pom ]---------------------------------
[INFO] 
[INFO] -----------------------< iped:iped-viewers-api >------------------------
[INFO] Building iped-viewers-api 4.4.0-SNAPSHOT                          [8/14]
[INFO]   from iped-viewers/iped-viewers-api/pom.xml
[INFO] --------------------------------[ jar ]---------------------------------
[INFO] 
[INFO] --- resources:3.0.2:resources (default-resources) @ iped-viewers-api ---
[INFO] Using 'UTF-8' encoding to copy filtered resources.
[INFO] skip non existing resourceDirectory /private/tmp/iped-hash-pr/iped-viewers/iped-viewers-api/src/main/resources
[INFO] 
[INFO] --- compiler:3.10.1:compile (default-compile) @ iped-viewers-api ---
[INFO] Nothing to compile - all classes are up to date
[INFO] 
[INFO] --- resources:3.0.2:testResources (default-testResources) @ iped-viewers-api ---
[INFO] Using 'UTF-8' encoding to copy filtered resources.
[INFO] skip non existing resourceDirectory /private/tmp/iped-hash-pr/iped-viewers/iped-viewers-api/src/test/resources
[INFO] 
[INFO] --- compiler:3.10.1:testCompile (default-testCompile) @ iped-viewers-api ---
[INFO] No sources to compile
[INFO] 
[INFO] --- surefire:2.20.1:test (default-test) @ iped-viewers-api ---
[INFO] No tests to run.
[INFO] 
[INFO] -----------------------< iped:iped-viewers-impl >-----------------------
[INFO] Building iped-viewers-impl 4.4.0-SNAPSHOT                         [9/14]
[INFO]   from iped-viewers/iped-viewers-impl/pom.xml
[INFO] --------------------------------[ jar ]---------------------------------
[INFO] 
[INFO] --- resources:3.0.2:resources (default-resources) @ iped-viewers-impl ---
[INFO] Using 'UTF-8' encoding to copy filtered resources.
[INFO] Copying 23 resources
[INFO] 
[INFO] --- compiler:3.10.1:compile (default-compile) @ iped-viewers-impl ---
[INFO] Nothing to compile - all classes are up to date
[INFO] 
[INFO] --- resources:3.0.2:testResources (default-testResources) @ iped-viewers-impl ---
[INFO] Using 'UTF-8' encoding to copy filtered resources.
[INFO] skip non existing resourceDirectory /private/tmp/iped-hash-pr/iped-viewers/iped-viewers-impl/src/test/resources
[INFO] 
[INFO] --- compiler:3.10.1:testCompile (default-testCompile) @ iped-viewers-impl ---
[INFO] No sources to compile
[INFO] 
[INFO] --- surefire:2.20.1:test (default-test) @ iped-viewers-impl ---
[INFO] No tests to run.
[INFO] 
[INFO] -------------------------< iped:iped-carvers >--------------------------
[INFO] Building iped-carvers 4.4.0-SNAPSHOT                             [10/14]
[INFO]   from iped-carvers/pom.xml
[INFO] --------------------------------[ pom ]---------------------------------
[INFO] 
[INFO] -----------------------< iped:iped-ahocorasick >------------------------
[INFO] Building iped-ahocorasick 1.1                                    [11/14]
[INFO]   from iped-carvers/iped-ahocorasick/pom.xml
[INFO] --------------------------------[ jar ]---------------------------------
[INFO] 
[INFO] --- resources:3.0.2:resources (default-resources) @ iped-ahocorasick ---
[INFO] Using 'UTF-8' encoding to copy filtered resources.
[INFO] skip non existing resourceDirectory /private/tmp/iped-hash-pr/iped-carvers/iped-ahocorasick/src/main/resources
[INFO] 
[INFO] --- compiler:3.10.1:compile (default-compile) @ iped-ahocorasick ---
[INFO] Nothing to compile - all classes are up to date
[INFO] 
[INFO] --- resources:3.0.2:testResources (default-testResources) @ iped-ahocorasick ---
[INFO] Using 'UTF-8' encoding to copy filtered resources.
[INFO] skip non existing resourceDirectory /private/tmp/iped-hash-pr/iped-carvers/iped-ahocorasick/src/test/resources
[INFO] 
[INFO] --- compiler:3.10.1:testCompile (default-testCompile) @ iped-ahocorasick ---
[INFO] No sources to compile
[INFO] 
[INFO] --- surefire:2.20.1:test (default-test) @ iped-ahocorasick ---
[INFO] No tests to run.
[INFO] 
[INFO] -----------------------< iped:iped-carvers-api >------------------------
[INFO] Building iped-carvers-api 4.4.0-SNAPSHOT                         [12/14]
[INFO]   from iped-carvers/iped-carvers-api/pom.xml
[INFO] --------------------------------[ jar ]---------------------------------
[INFO] 
[INFO] --- resources:3.0.2:resources (default-resources) @ iped-carvers-api ---
[INFO] Using 'UTF-8' encoding to copy filtered resources.
[INFO] skip non existing resourceDirectory /private/tmp/iped-hash-pr/iped-carvers/iped-carvers-api/src/main/resources
[INFO] 
[INFO] --- compiler:3.10.1:compile (default-compile) @ iped-carvers-api ---
[INFO] Nothing to compile - all classes are up to date
[INFO] 
[INFO] --- resources:3.0.2:testResources (default-testResources) @ iped-carvers-api ---
[INFO] Using 'UTF-8' encoding to copy filtered resources.
[INFO] skip non existing resourceDirectory /private/tmp/iped-hash-pr/iped-carvers/iped-carvers-api/src/test/resources
[INFO] 
[INFO] --- compiler:3.10.1:testCompile (default-testCompile) @ iped-carvers-api ---
[INFO] No sources to compile
[INFO] 
[INFO] --- surefire:2.20.1:test (default-test) @ iped-carvers-api ---
[INFO] No tests to run.
[INFO] 
[INFO] -----------------------< iped:iped-carvers-impl >-----------------------
[INFO] Building iped-carvers-impl 4.4.0-SNAPSHOT                        [13/14]
[INFO]   from iped-carvers/iped-carvers-impl/pom.xml
[INFO] --------------------------------[ jar ]---------------------------------
[INFO] 
[INFO] --- resources:3.0.2:resources (default-resources) @ iped-carvers-impl ---
[INFO] Using 'UTF-8' encoding to copy filtered resources.
[INFO] skip non existing resourceDirectory /private/tmp/iped-hash-pr/iped-carvers/iped-carvers-impl/src/main/resources
[INFO] 
[INFO] --- compiler:3.10.1:compile (default-compile) @ iped-carvers-impl ---
[INFO] Nothing to compile - all classes are up to date
[INFO] 
[INFO] --- resources:3.0.2:testResources (default-testResources) @ iped-carvers-impl ---
[INFO] Using 'UTF-8' encoding to copy filtered resources.
[INFO] skip non existing resourceDirectory /private/tmp/iped-hash-pr/iped-carvers/iped-carvers-impl/src/test/resources
[INFO] 
[INFO] --- compiler:3.10.1:testCompile (default-testCompile) @ iped-carvers-impl ---
[INFO] No sources to compile
[INFO] 
[INFO] --- surefire:2.20.1:test (default-test) @ iped-carvers-impl ---
[INFO] No tests to run.
[INFO] 
[INFO] --------------------------< iped:iped-engine >--------------------------
[INFO] Building iped-engine 4.4.0-SNAPSHOT                              [14/14]
[INFO]   from iped-engine/pom.xml
[INFO] --------------------------------[ jar ]---------------------------------
[WARNING] 1 problem was encountered while building the effective model for org.javassist:javassist:jar:3.21.0-GA during dependency collection step for project (use -X to see details)
[INFO] 
[INFO] --- resources:3.3.1:resources (default-resources) @ iped-engine ---
[INFO] Copying 241 resources from src/main/resources to target/classes
[INFO] 
[INFO] --- compiler:3.10.1:compile (default-compile) @ iped-engine ---
[INFO] Changes detected - recompiling the module!
[INFO] Compiling 311 source files to /private/tmp/iped-hash-pr/iped-engine/target/classes
[INFO] /private/tmp/iped-hash-pr/iped-engine/src/main/java/iped/engine/util/TextCache.java: Some input files use or override a deprecated API.
[INFO] /private/tmp/iped-hash-pr/iped-engine/src/main/java/iped/engine/util/TextCache.java: Recompile with -Xlint:deprecation for details.
[INFO] /private/tmp/iped-hash-pr/iped-engine/src/main/java/iped/engine/task/regex/RegexTask.java: Some input files use unchecked or unsafe operations.
[INFO] /private/tmp/iped-hash-pr/iped-engine/src/main/java/iped/engine/task/regex/RegexTask.java: Recompile with -Xlint:unchecked for details.
[INFO] 
[INFO] --- resources:3.3.1:testResources (default-testResources) @ iped-engine ---
[INFO] Copying 3 resources from src/test/resources to target/test-classes
[INFO] 
[INFO] --- compiler:3.10.1:testCompile (default-testCompile) @ iped-engine ---
[INFO] Changes detected - recompiling the module!
[INFO] Compiling 28 source files to /private/tmp/iped-hash-pr/iped-engine/target/test-classes
[INFO] 
[INFO] --- surefire:3.2.5:test (default-test) @ iped-engine ---
[INFO] Using auto detected provider org.apache.maven.surefire.junit4.JUnit4Provider
[INFO] 
[INFO] -------------------------------------------------------
[INFO]  T E S T S
[INFO] -------------------------------------------------------
[INFO] Running iped.engine.task.HashTaskTest
[ERROR] Tests run: 9, Failures: 0, Errors: 2, Skipped: 0, Time elapsed: 11.45 s <<< FAILURE! -- in iped.engine.task.HashTaskTest
[ERROR] iped.engine.task.HashTaskTest.testErrorOnFirstSubmissionPropagates -- Time elapsed: 5.030 s <<< ERROR!
java.util.concurrent.TimeoutException
	at java.base/java.util.concurrent.FutureTask.get(FutureTask.java:204)
	at iped.engine.task.HashTaskTest.assertSubmissionFailure(HashTaskTest.java:256)
	at iped.engine.task.HashTaskTest.testErrorOnFirstSubmissionPropagates(HashTaskTest.java:162)
	at java.base/jdk.internal.reflect.NativeMethodAccessorImpl.invoke0(Native Method)
	at java.base/jdk.internal.reflect.NativeMethodAccessorImpl.invoke(NativeMethodAccessorImpl.java:62)
	at java.base/jdk.internal.reflect.DelegatingMethodAccessorImpl.invoke(DelegatingMethodAccessorImpl.java:43)
	at java.base/java.lang.reflect.Method.invoke(Method.java:566)
	at org.junit.runners.model.FrameworkMethod$1.runReflectiveCall(FrameworkMethod.java:59)
	at org.junit.internal.runners.model.ReflectiveCallable.run(ReflectiveCallable.java:12)
	at org.junit.runners.model.FrameworkMethod.invokeExplosively(FrameworkMethod.java:56)
	at org.junit.internal.runners.statements.InvokeMethod.evaluate(InvokeMethod.java:17)
	at org.junit.rules.ExternalResource$1.evaluate(ExternalResource.java:54)
	at org.junit.runners.ParentRunner$3.evaluate(ParentRunner.java:306)
	at org.junit.runners.BlockJUnit4ClassRunner$1.evaluate(BlockJUnit4ClassRunner.java:100)
	at org.junit.runners.ParentRunner.runLeaf(ParentRunner.java:366)
	at org.junit.runners.BlockJUnit4ClassRunner.runChild(BlockJUnit4ClassRunner.java:103)
	at org.junit.runners.BlockJUnit4ClassRunner.runChild(BlockJUnit4ClassRunner.java:63)
	at org.junit.runners.ParentRunner$4.run(ParentRunner.java:331)
	at org.junit.runners.ParentRunner$1.schedule(ParentRunner.java:79)
	at org.junit.runners.ParentRunner.runChildren(ParentRunner.java:329)
	at org.junit.runners.ParentRunner.access$100(ParentRunner.java:66)
	at org.junit.runners.ParentRunner$2.evaluate(ParentRunner.java:293)
	at org.junit.runners.ParentRunner$3.evaluate(ParentRunner.java:306)
	at org.junit.runners.ParentRunner.run(ParentRunner.java:413)
	at org.apache.maven.surefire.junit4.JUnit4Provider.execute(JUnit4Provider.java:316)
	at org.apache.maven.surefire.junit4.JUnit4Provider.executeWithRerun(JUnit4Provider.java:240)
	at org.apache.maven.surefire.junit4.JUnit4Provider.executeTestSet(JUnit4Provider.java:214)
	at org.apache.maven.surefire.junit4.JUnit4Provider.invoke(JUnit4Provider.java:155)
	at org.apache.maven.surefire.booter.ForkedBooter.runSuitesInProcess(ForkedBooter.java:385)
	at org.apache.maven.surefire.booter.ForkedBooter.execute(ForkedBooter.java:162)
	at org.apache.maven.surefire.booter.ForkedBooter.run(ForkedBooter.java:507)
	at org.apache.maven.surefire.booter.ForkedBooter.main(ForkedBooter.java:495)

[ERROR] iped.engine.task.HashTaskTest.testErrorAfterAcceptedSubmissionWaitsAndPropagates -- Time elapsed: 5.223 s <<< ERROR!
java.util.concurrent.TimeoutException
	at java.base/java.util.concurrent.FutureTask.get(FutureTask.java:204)
	at iped.engine.task.HashTaskTest.assertSubmissionFailure(HashTaskTest.java:256)
	at iped.engine.task.HashTaskTest.testErrorAfterAcceptedSubmissionWaitsAndPropagates(HashTaskTest.java:167)
	at java.base/jdk.internal.reflect.NativeMethodAccessorImpl.invoke0(Native Method)
	at java.base/jdk.internal.reflect.NativeMethodAccessorImpl.invoke(NativeMethodAccessorImpl.java:62)
	at java.base/jdk.internal.reflect.DelegatingMethodAccessorImpl.invoke(DelegatingMethodAccessorImpl.java:43)
	at java.base/java.lang.reflect.Method.invoke(Method.java:566)
	at org.junit.runners.model.FrameworkMethod$1.runReflectiveCall(FrameworkMethod.java:59)
	at org.junit.internal.runners.model.ReflectiveCallable.run(ReflectiveCallable.java:12)
	at org.junit.runners.model.FrameworkMethod.invokeExplosively(FrameworkMethod.java:56)
	at org.junit.internal.runners.statements.InvokeMethod.evaluate(InvokeMethod.java:17)
	at org.junit.rules.ExternalResource$1.evaluate(ExternalResource.java:54)
	at org.junit.runners.ParentRunner$3.evaluate(ParentRunner.java:306)
	at org.junit.runners.BlockJUnit4ClassRunner$1.evaluate(BlockJUnit4ClassRunner.java:100)
	at org.junit.runners.ParentRunner.runLeaf(ParentRunner.java:366)
	at org.junit.runners.BlockJUnit4ClassRunner.runChild(BlockJUnit4ClassRunner.java:103)
	at org.junit.runners.BlockJUnit4ClassRunner.runChild(BlockJUnit4ClassRunner.java:63)
	at org.junit.runners.ParentRunner$4.run(ParentRunner.java:331)
	at org.junit.runners.ParentRunner$1.schedule(ParentRunner.java:79)
	at org.junit.runners.ParentRunner.runChildren(ParentRunner.java:329)
	at org.junit.runners.ParentRunner.access$100(ParentRunner.java:66)
	at org.junit.runners.ParentRunner$2.evaluate(ParentRunner.java:293)
	at org.junit.runners.ParentRunner$3.evaluate(ParentRunner.java:306)
	at org.junit.runners.ParentRunner.run(ParentRunner.java:413)
	at org.apache.maven.surefire.junit4.JUnit4Provider.execute(JUnit4Provider.java:316)
	at org.apache.maven.surefire.junit4.JUnit4Provider.executeWithRerun(JUnit4Provider.java:240)
	at org.apache.maven.surefire.junit4.JUnit4Provider.executeTestSet(JUnit4Provider.java:214)
	at org.apache.maven.surefire.junit4.JUnit4Provider.invoke(JUnit4Provider.java:155)
	at org.apache.maven.surefire.booter.ForkedBooter.runSuitesInProcess(ForkedBooter.java:385)
	at org.apache.maven.surefire.booter.ForkedBooter.execute(ForkedBooter.java:162)
	at org.apache.maven.surefire.booter.ForkedBooter.run(ForkedBooter.java:507)
	at org.apache.maven.surefire.booter.ForkedBooter.main(ForkedBooter.java:495)

[INFO] 
[INFO] Results:
[INFO] 
[ERROR] Errors: 
[ERROR]   HashTaskTest.testErrorAfterAcceptedSubmissionWaitsAndPropagates:167->assertSubmissionFailure:256 » Timeout
[ERROR]   HashTaskTest.testErrorOnFirstSubmissionPropagates:162->assertSubmissionFailure:256 » Timeout
[INFO] 
[ERROR] Tests run: 9, Failures: 0, Errors: 2, Skipped: 0
[INFO] 
[INFO] ------------------------------------------------------------------------
[INFO] Reactor Summary:
[INFO] 
[INFO] iped-parent 4.4.0-SNAPSHOT ......................... SUCCESS [  0.001 s]
[INFO] iped-api 4.4.0-SNAPSHOT ............................ SUCCESS [  1.500 s]
[INFO] iped-utils 4.4.0-SNAPSHOT .......................... SUCCESS [  0.375 s]
[INFO] iped-parsers 4.4.0-SNAPSHOT ........................ SUCCESS [  0.000 s]
[INFO] java-dbf 1.0-patched ............................... SUCCESS [  0.014 s]
[INFO] iped-parsers-impl 4.4.0-SNAPSHOT ................... SUCCESS [  2.486 s]
[INFO] iped-viewers 4.4.0-SNAPSHOT ........................ SUCCESS [  0.001 s]
[INFO] iped-viewers-api 4.4.0-SNAPSHOT .................... SUCCESS [  0.991 s]
[INFO] iped-viewers-impl 4.4.0-SNAPSHOT ................... SUCCESS [  0.561 s]
[INFO] iped-carvers 4.4.0-SNAPSHOT ........................ SUCCESS [  0.000 s]
[INFO] iped-ahocorasick 1.1 ............................... SUCCESS [  0.011 s]
[INFO] iped-carvers-api 4.4.0-SNAPSHOT .................... SUCCESS [  0.032 s]
[INFO] iped-carvers-impl 4.4.0-SNAPSHOT ................... SUCCESS [  0.033 s]
[INFO] iped-engine 4.4.0-SNAPSHOT ......................... FAILURE [ 25.729 s]
[INFO] ------------------------------------------------------------------------
[INFO] BUILD FAILURE
[INFO] ------------------------------------------------------------------------
[INFO] Total time:  31.866 s
[INFO] Finished at: 2026-09-12T21:53:05+02:00
[INFO] ------------------------------------------------------------------------
[ERROR] Failed to execute goal org.apache.maven.plugins:maven-surefire-plugin:3.2.5:test (default-test) on project iped-engine: 
[ERROR] 
[ERROR] Please refer to /private/tmp/iped-hash-pr/iped-engine/target/surefire-reports for the individual test results.
[ERROR] Please refer to dump files (if any exist) [date].dump, [date]-jvmRun[N].dump and [date].dumpstream.
[ERROR] -> [Help 1]
[ERROR] 
[ERROR] To see the full stack trace of the errors, re-run Maven with the -e switch.
[ERROR] Re-run Maven using the -X switch to enable full debug logging.
[ERROR] 
[ERROR] For more information about the errors and possible solutions, please read the following articles:
[ERROR] [Help 1] http://cwiki.apache.org/confluence/display/MAVEN/MojoFailureException
[ERROR] 
[ERROR] After correcting the problems, you can resume the build with the command
[ERROR]   mvn <args> -rf :iped-engine
