JUnit version 4.13.2
....E.E.
Time: 0,879
There were 2 failures:
1) testFirefoxDownloadsIgnoreUnrelatedLegacyIds(iped.parsers.browsers.firefox.FirefoxSqliteParserTest)
junit.framework.AssertionFailedError: expected:<3> but was:<12>
	at junit.framework.Assert.fail(Assert.java:57)
	at junit.framework.Assert.failNotEquals(Assert.java:329)
	at junit.framework.Assert.assertEquals(Assert.java:78)
	at junit.framework.Assert.assertEquals(Assert.java:234)
	at junit.framework.Assert.assertEquals(Assert.java:241)
	at junit.framework.TestCase.assertEquals(TestCase.java:384)
	at iped.parsers.browsers.firefox.FirefoxSqliteParserTest.assertDownloads(FirefoxSqliteParserTest.java:132)
	at iped.parsers.browsers.firefox.FirefoxSqliteParserTest.assertDownloadsWithAnnotationIds(FirefoxSqliteParserTest.java:100)
	at iped.parsers.browsers.firefox.FirefoxSqliteParserTest.testFirefoxDownloadsIgnoreUnrelatedLegacyIds(FirefoxSqliteParserTest.java:53)
2) testFirefoxUnrelatedAnnotationsAreNotDownloads(iped.parsers.browsers.firefox.FirefoxSqliteParserTest)
junit.framework.AssertionFailedError: expected:<0> but was:<3>
	at junit.framework.Assert.fail(Assert.java:57)
	at junit.framework.Assert.failNotEquals(Assert.java:329)
	at junit.framework.Assert.assertEquals(Assert.java:78)
	at junit.framework.Assert.assertEquals(Assert.java:234)
	at junit.framework.Assert.assertEquals(Assert.java:241)
	at junit.framework.TestCase.assertEquals(TestCase.java:384)
	at iped.parsers.browsers.firefox.FirefoxSqliteParserTest.assertDownloadsWithAnnotationIds(FirefoxSqliteParserTest.java:98)
	at iped.parsers.browsers.firefox.FirefoxSqliteParserTest.testFirefoxUnrelatedAnnotationsAreNotDownloads(FirefoxSqliteParserTest.java:58)

FAILURES!!!
Tests run: 6,  Failures: 2

