[INFO] Scanning for projects...
[INFO] ------------------------------------------------------------------------
[INFO] Reactor Build Order:
[INFO] 
[INFO] iped-parent                                                        [pom]
[INFO] iped-api                                                           [jar]
[INFO] iped-utils                                                         [jar]
[INFO] iped-parsers                                                       [pom]
[INFO] java-dbf                                                           [jar]
[INFO] iped-parsers-impl                                                  [jar]
[INFO] 
[INFO] --------------------------< iped:iped-parent >--------------------------
[INFO] Building iped-parent 4.4.0-SNAPSHOT                                [1/6]
[INFO]   from pom.xml
[INFO] --------------------------------[ pom ]---------------------------------
[INFO] 
[INFO] ---------------------------< iped:iped-api >----------------------------
[INFO] Building iped-api 4.4.0-SNAPSHOT                                   [2/6]
[INFO]   from iped-api/pom.xml
[INFO] --------------------------------[ jar ]---------------------------------
[INFO] 
[INFO] --- resources:3.3.1:resources (default-resources) @ iped-api ---
[INFO] skip non existing resourceDirectory /private/tmp/iped-firefox-pr/iped-api/src/main/resources
[INFO] 
[INFO] --- compiler:3.10.1:compile (default-compile) @ iped-api ---
[INFO] Nothing to compile - all classes are up to date
[INFO] 
[INFO] --- resources:3.3.1:testResources (default-testResources) @ iped-api ---
[INFO] skip non existing resourceDirectory /private/tmp/iped-firefox-pr/iped-api/src/test/resources
[INFO] 
[INFO] --- compiler:3.10.1:testCompile (default-testCompile) @ iped-api ---
[INFO] No sources to compile
[INFO] 
[INFO] --- surefire:3.2.5:test (default-test) @ iped-api ---
[INFO] No tests to run.
[INFO] 
[INFO] --------------------------< iped:iped-utils >---------------------------
[INFO] Building iped-utils 4.4.0-SNAPSHOT                                 [3/6]
[INFO]   from iped-utils/pom.xml
[INFO] --------------------------------[ jar ]---------------------------------
[INFO] 
[INFO] --- resources:3.3.1:resources (default-resources) @ iped-utils ---
[INFO] Copying 3432 resources from src/main/resources to target/classes
[INFO] 
[INFO] --- compiler:3.10.1:compile (default-compile) @ iped-utils ---
[INFO] Nothing to compile - all classes are up to date
[INFO] 
[INFO] --- resources:3.3.1:testResources (default-testResources) @ iped-utils ---
[INFO] skip non existing resourceDirectory /private/tmp/iped-firefox-pr/iped-utils/src/test/resources
[INFO] 
[INFO] --- compiler:3.10.1:testCompile (default-testCompile) @ iped-utils ---
[INFO] No sources to compile
[INFO] 
[INFO] --- surefire:3.2.5:test (default-test) @ iped-utils ---
[INFO] No tests to run.
[INFO] 
[INFO] -------------------------< iped:iped-parsers >--------------------------
[INFO] Building iped-parsers 4.4.0-SNAPSHOT                               [4/6]
[INFO]   from iped-parsers/pom.xml
[INFO] --------------------------------[ pom ]---------------------------------
[INFO] 
[INFO] ---------------------------< iped:java-dbf >----------------------------
[INFO] Building java-dbf 1.0-patched                                      [5/6]
[INFO]   from iped-parsers/java-dbf/pom.xml
[INFO] --------------------------------[ jar ]---------------------------------
[INFO] 
[INFO] --- resources:3.3.1:resources (default-resources) @ java-dbf ---
[INFO] skip non existing resourceDirectory /private/tmp/iped-firefox-pr/iped-parsers/java-dbf/src/main/resources
[INFO] 
[INFO] --- compiler:3.10.1:compile (default-compile) @ java-dbf ---
[INFO] Nothing to compile - all classes are up to date
[INFO] 
[INFO] --- resources:3.3.1:testResources (default-testResources) @ java-dbf ---
[INFO] skip non existing resourceDirectory /private/tmp/iped-firefox-pr/iped-parsers/java-dbf/src/test/resources
[INFO] 
[INFO] --- compiler:3.10.1:testCompile (default-testCompile) @ java-dbf ---
[INFO] No sources to compile
[INFO] 
[INFO] --- surefire:3.2.5:test (default-test) @ java-dbf ---
[INFO] No tests to run.
[INFO] 
[INFO] -----------------------< iped:iped-parsers-impl >-----------------------
[INFO] Building iped-parsers-impl 4.4.0-SNAPSHOT                          [6/6]
[INFO]   from iped-parsers/iped-parsers-impl/pom.xml
[INFO] --------------------------------[ jar ]---------------------------------
[WARNING] 1 problem was encountered while building the effective model for org.javassist:javassist:jar:3.19.0-GA during dependency collection step for project (use -X to see details)
[INFO] 
[INFO] --- jacoco:0.8.8:prepare-agent (default) @ iped-parsers-impl ---
[INFO] argLine set to -javaagent:/private/tmp/iped-contribution-tools/m2/org/jacoco/org.jacoco.agent/0.8.8/org.jacoco.agent-0.8.8-runtime.jar=destfile=/private/tmp/iped-firefox-pr/iped-parsers/iped-parsers-impl/target/jacoco.exec
[INFO] 
[INFO] --- resources:3.3.1:resources (default-resources) @ iped-parsers-impl ---
[INFO] Copying 65 resources from src/main/resources to target/classes
[INFO] 
[INFO] --- compiler:3.10.1:compile (default-compile) @ iped-parsers-impl ---
[INFO] Nothing to compile - all classes are up to date
[INFO] 
[INFO] --- resources:3.3.1:testResources (default-testResources) @ iped-parsers-impl ---
[INFO] Copying 124 resources from src/test/resources to target/test-classes
[INFO] 
[INFO] --- compiler:3.10.1:testCompile (default-testCompile) @ iped-parsers-impl ---
[INFO] Changes detected - recompiling the module!
[INFO] Compiling 72 source files to /private/tmp/iped-firefox-pr/iped-parsers/iped-parsers-impl/target/test-classes
[INFO] /private/tmp/iped-firefox-pr/iped-parsers/iped-parsers-impl/src/test/java/iped/parsers/util/BaseItemSearchContext.java: /private/tmp/iped-firefox-pr/iped-parsers/iped-parsers-impl/src/test/java/iped/parsers/util/BaseItemSearchContext.java uses or overrides a deprecated API.
[INFO] /private/tmp/iped-firefox-pr/iped-parsers/iped-parsers-impl/src/test/java/iped/parsers/util/BaseItemSearchContext.java: Recompile with -Xlint:deprecation for details.
[INFO] 
[INFO] --- surefire:3.2.5:test (default-test) @ iped-parsers-impl ---
[INFO] Using auto detected provider org.apache.maven.surefire.junit4.JUnit4Provider
[INFO] 
[INFO] -------------------------------------------------------
[INFO]  T E S T S
[INFO] -------------------------------------------------------
[INFO] Running iped.parsers.browsers.firefox.FirefoxSqliteParserTest
[INFO] Tests run: 6, Failures: 0, Errors: 0, Skipped: 0, Time elapsed: 1.213 s -- in iped.parsers.browsers.firefox.FirefoxSqliteParserTest
[INFO] 
[INFO] Results:
[INFO] 
[INFO] Tests run: 6, Failures: 0, Errors: 0, Skipped: 0
[INFO] 
[INFO] 
[INFO] --- jacoco:0.8.8:report (generate-code-coverage-report) @ iped-parsers-impl ---
[INFO] Loading execution data file /private/tmp/iped-firefox-pr/iped-parsers/iped-parsers-impl/target/jacoco.exec
[INFO] Analyzed bundle 'iped-parsers-impl' with 564 classes
[INFO] ------------------------------------------------------------------------
[INFO] Reactor Summary:
[INFO] 
[INFO] iped-parent 4.4.0-SNAPSHOT ......................... SUCCESS [  0.001 s]
[INFO] iped-api 4.4.0-SNAPSHOT ............................ SUCCESS [  1.503 s]
[INFO] iped-utils 4.4.0-SNAPSHOT .......................... SUCCESS [  0.393 s]
[INFO] iped-parsers 4.4.0-SNAPSHOT ........................ SUCCESS [  0.000 s]
[INFO] java-dbf 1.0-patched ............................... SUCCESS [  0.012 s]
[INFO] iped-parsers-impl 4.4.0-SNAPSHOT ................... SUCCESS [ 21.382 s]
[INFO] ------------------------------------------------------------------------
[INFO] BUILD SUCCESS
[INFO] ------------------------------------------------------------------------
[INFO] Total time:  23.473 s
[INFO] Finished at: 2026-09-12T21:52:56+02:00
[INFO] ------------------------------------------------------------------------
